$ git config --global user.name "Sabrina Marques"
$ git config --global user.email "sa_marques_98@yahoo.com.br"
$ pwd
	# /c/Users/Asus
$ cd ..
$ cd ..
$ pwd
	# /c
$ mkdir pasta-git
$ cd pasta-git
$ git clone https://github.com/Sabrina112358/CAP-419
$ git init . 
	#Reinitialized existing Git repository in C:/pasta-git/CAP-419/.git/
$ ls
	# LICENSE  README.md
$ ls -a
	# .  ..  .git  .gitignore  LICENSE  README.md

*Mudei o arquivo README.md no repositório no GitHub*

$ git status
	# modified: README.md
$ git add README.md
$ git status
	# On branch master
	  Your branch is up to date with 'origin/master'.

	  Changes to be committed:
	    (use "git reset HEAD <file>..." to unstage)


	      modified:   README.md
$ git commit -m "Primeira versão do arquivo README.md"
$ git status
	#On branch master

	  Your branch is ahead of 'origin/master' by 1 commit.

	    (use "git push" to publish your local commits)

	  nothing to commit, working tree clean
$ git pull	
	#Already up to date.
$ git push
	#Username for 'https://github.com': Sabrina112358
	  Password for 'https://Sabrina112358@github.com': *******

*aqui abriu um pop-up para que eu logasse na minha conta no GitHub*

$ touch seq_com_git.txt

$ nano seq_com_git.txt

*Escrevi os comandos utilizados previamente e algumas das respostas obtidas
diretamente no prompt de comando do git bash que havia salvo em um arquivo 
à parte.*

$ ^0 
 











