$ git config --global user.name "Sabrina Marques"
$ git config --global user.email "sa_marques_98@yahoo.com.br"
$ pwd
	# /c/Users/Asus
$ cd ..
$ cd ..
$ pwd
	# /c
$ mkdir pasta-git
$ cd pasta-git
$ git clone https://github.com/Sabrina112358/CAP-419
$ git init . 
	#Reinitialized existing Git repository in C:/pasta-git/CAP-419/.git/
$ ls
	# LICENSE  README.md
$ ls -a
	# .  ..  .git  .gitignore  LICENSE  README.md

*Mudei o arquivo README.md no repositório no GitHub*

$ git status
	# modified: README.md
$ git add README.md
$ git status
	# On branch master
	  Your branch is up to date with 'origin/master'.

	  Changes to be committed:
	    (use "git reset HEAD <file>..." to unstage)


	      modified:   README.md
$ git commit -m "Primeira versão do arquivo README.md"
$ git status
	#On branch master

	  Your branch is ahead of 'origin/master' by 1 commit.

	    (use "git push" to publish your local commits)

	  nothing to commit, working tree clean
$ git pull	
	#Already up to date.
$ git push
	#Username for 'https://github.com': Sabrina112358
	  Password for 'https://Sabrina112358@github.com': *******

*aqui abriu um pop-up para que eu logasse na minha conta no GitHub*

$ touch seq_com_git.txt

$ nano seq_com_git.txt

*Escrevi os comandos utilizados previamente e algumas das respostas obtidas
diretamente no prompt de comando do git bash que havia salvo em um arquivo 
à parte.*

$ ^0 

$ ^X

$ git status
	#On branch main
	  Your branch is up to date with 'origin/main'.

	  Untracked files:
	    (use "git add <file>..." to include in what will be committed)
	          seq_com_git.txt

	  nothing added to commit but untracked files present (use "git add" to track)

$ git add *
$ git status
	#On branch main
	  Your branch is up to date with 'origin/main'.

	  Changes to be committed:
	    (use "git restore --staged <file>..." to unstage)
	          new file:   seq_com_git.txt

$  git commit -m "Arquivo de texto com um resumo da sequência de comandos git utilizados no experimento."
	#[main 8432f45] Arquivo de texto com um resumo da sequência de comandos git utilizados no experimento.
	   1 file changed, 70 insertions(+)
	   create mode 100644 seq_com_git.txt

$ git status
	#On branch main
	  Your branch is ahead of 'origin/main' by 1 commit.
	    (use "git push" to publish your local commits)

	  nothing to commit, working tree clean

$ git push
	#Enumerating objects: 4, done.
	  Counting objects: 100% (4/4), done.
	  Delta compression using up to 4 threads
	  Compressing objects: 100% (3/3), done.
	  Writing objects: 100% (3/3), 1.03 KiB | 525.00 KiB/s, done.
	  Total 3 (delta 1), reused 0 (delta 0), pack-reused 0
	  remote: Resolving deltas: 100% (1/1), completed with 1 local object.
	  To https://github.com/Sabrina112358/CAP-419
	     0c4e403..8432f45  main -> main